// Jest Snapshot v1, https://goo.gl/fbAQLP

exports[`Process  nodes correctly correctly creates nodes from JSON which is an array of objects 1`] = `
Array [
  Array [
    Object {
      "blue": "true",
      "children": Array [],
      "funny": "yup",
      "id": "uuid-from-gatsby",
      "internal": Object {
        "contentDigest": "contentDigest",
        "type": "TestCsv",
      },
      "parent": "whatever",
    },
  ],
  Array [
    Object {
      "blue": "false",
      "children": Array [],
      "funny": "nope",
      "id": "uuid-from-gatsby",
      "internal": Object {
        "contentDigest": "contentDigest",
        "type": "TestCsv",
      },
      "parent": "whatever",
    },
  ],
]
`;

exports[`Process  nodes correctly correctly creates nodes from JSON which is an array of objects 2`] = `
Array [
  Array [
    Object {
      "child": Object {
        "blue": "true",
        "children": Array [],
        "funny": "yup",
        "id": "uuid-from-gatsby",
        "internal": Object {
          "contentDigest": "contentDigest",
          "type": "TestCsv",
        },
        "parent": "whatever",
      },
      "parent": Object {
        "children": Array [],
        "content": "\\"blue\\",\\"funny\\"
true,\\"yup\\"
false,\\"nope\\"",
        "extension": "csv",
        "id": "whatever",
        "internal": Object {
          "contentDigest": "whatever",
          "mediaType": "text/csv",
        },
        "name": "test",
        "parent": "SOURCE",
      },
    },
  ],
  Array [
    Object {
      "child": Object {
        "blue": "false",
        "children": Array [],
        "funny": "nope",
        "id": "uuid-from-gatsby",
        "internal": Object {
          "contentDigest": "contentDigest",
          "type": "TestCsv",
        },
        "parent": "whatever",
      },
      "parent": Object {
        "children": Array [],
        "content": "\\"blue\\",\\"funny\\"
true,\\"yup\\"
false,\\"nope\\"",
        "extension": "csv",
        "id": "whatever",
        "internal": Object {
          "contentDigest": "whatever",
          "mediaType": "text/csv",
        },
        "name": "test",
        "parent": "SOURCE",
      },
    },
  ],
]
`;

exports[`Process  nodes correctly correctly handles the options object that is passed to it 1`] = `
Array [
  Array [
    Object {
      "children": Array [],
      "field1": "blue",
      "field2": "funny",
      "id": "uuid-from-gatsby",
      "internal": Object {
        "contentDigest": "contentDigest",
        "type": "TestCsv",
      },
      "parent": "whatever",
    },
  ],
  Array [
    Object {
      "children": Array [],
      "field1": "true",
      "field2": "yup",
      "id": "uuid-from-gatsby",
      "internal": Object {
        "contentDigest": "contentDigest",
        "type": "TestCsv",
      },
      "parent": "whatever",
    },
  ],
  Array [
    Object {
      "children": Array [],
      "field1": "false",
      "field2": "nope",
      "id": "uuid-from-gatsby",
      "internal": Object {
        "contentDigest": "contentDigest",
        "type": "TestCsv",
      },
      "parent": "whatever",
    },
  ],
]
`;

exports[`Process  nodes correctly correctly handles the options object that is passed to it 2`] = `
Array [
  Array [
    Object {
      "child": Object {
        "children": Array [],
        "field1": "blue",
        "field2": "funny",
        "id": "uuid-from-gatsby",
        "internal": Object {
          "contentDigest": "contentDigest",
          "type": "TestCsv",
        },
        "parent": "whatever",
      },
      "parent": Object {
        "children": Array [],
        "content": "blue,funny
true,yup
false,nope",
        "extension": "csv",
        "id": "whatever",
        "internal": Object {
          "contentDigest": "whatever",
          "mediaType": "text/csv",
        },
        "name": "test",
        "parent": "SOURCE",
      },
    },
  ],
  Array [
    Object {
      "child": Object {
        "children": Array [],
        "field1": "true",
        "field2": "yup",
        "id": "uuid-from-gatsby",
        "internal": Object {
          "contentDigest": "contentDigest",
          "type": "TestCsv",
        },
        "parent": "whatever",
      },
      "parent": Object {
        "children": Array [],
        "content": "blue,funny
true,yup
false,nope",
        "extension": "csv",
        "id": "whatever",
        "internal": Object {
          "contentDigest": "whatever",
          "mediaType": "text/csv",
        },
        "name": "test",
        "parent": "SOURCE",
      },
    },
  ],
  Array [
    Object {
      "child": Object {
        "children": Array [],
        "field1": "false",
        "field2": "nope",
        "id": "uuid-from-gatsby",
        "internal": Object {
          "contentDigest": "contentDigest",
          "type": "TestCsv",
        },
        "parent": "whatever",
      },
      "parent": Object {
        "children": Array [],
        "content": "blue,funny
true,yup
false,nope",
        "extension": "csv",
        "id": "whatever",
        "internal": Object {
          "contentDigest": "whatever",
          "mediaType": "text/csv",
        },
        "name": "test",
        "parent": "SOURCE",
      },
    },
  ],
]
`;
